000000db A num_got_entries
bc000000 T _start
bc000400 t reset
bc000684 t CPLL_READY
bc0006e8 t CPLL_DONE
bc000728 t LDO_1P8V
bc000740 t LDO_2P5V
bc000754 t DDRLDO_SOFT_START
bc000774 t LDO_DELAY
bc000798 t SET_RG_BUCK_FPWM
bc0007ac t DDR_PAD_CFG
bc00083c t MT7628_KN_PAD
bc000860 t MT7628_AN_DDR1_PAD
bc0008a4 t MT7628_AN_DDR2_PAD
bc0008d0 t SET_PAD_CFG
bc000948 t DDR_READY
bc000b0c t SDRAM_INIT_DOWN
bc000b14 t tRFCinit
bc000b98 T relocate_code
bc000bfc t in_ram
bc000c5c t romReserved
bc000c60 t romExcHandle
bc000c64 T init_cpu_pll
bc000dbc t CPLL_EXIT
bc000dc0 T SDR_CFG0_TBL
bc000de0 T SDR_CFG1_TBL
bc000e00 T DDR1_CFG0_TBL
bc000e28 T DDR1_CFG1_TBL
bc000e50 t DDR1_CFG2_TBL
bc000e78 t DDR1_CFG3_TBL
bc000ea0 t DDR1_CFG4_TBL
bc000ec8 T DDR2_CFG0_TBL
bc000ee8 T DDR2_CFG1_TBL
bc000f08 t DDR2_CFG2_TBL
bc000f28 t DDR2_CFG3_TBL
bc000f48 t DDR2_CFG4_TBL
bc000f68 T lock_dcache
bc000fc4 T unlock_dcache
bc001004 T fill_icache
bc001040 t cal_invalidate_dcache_range
bc001064 T dram_cali
bc001828 T sbrk
bc001868 T board_init_f
bc001b1c T OperationSelect
bc001ba0 T tftp_config
bc001f20 T trigger_hw_reset
bc001f24 T hang
bc001f4c T config_usb_ehciohci
bc001f74 T disable_pcie
bc001f9c T board_init_r
bc002c20 T timer_init
bc002c30 T get_timer
bc002c3c T udelay
bc002cac T mdelay
bc002d00 t startAgainTimeout
bc002d1c t startAgainHandler
bc002d20 t NetCopyIP
bc002d44 T NetSetHandler
bc002d60 T NetSetTimeout
bc002da8 T NetStartAgain
bc002e4c T NetSendPacket
bc002e70 T NetCksum
bc002eac T NetCksumOk
bc002edc T NetEthHdrSize
bc002ee0 T NetSetEther
bc002f2c T NetReceive
bc003320 T ArpRequest
bc003424 T ArpTimeoutCheck
bc0034ac T NetSetIP
bc003594 T NetSendUDPPacket
bc0036d8 T copy_filename
bc003710 T ip_to_string
bc003774 T string_to_ip
bc0037ec T print_IPaddr
bc003820 T getenv_IPaddr
bc003850 T NetLoop
bc003bf0 T TftpSend
bc003d6c t TftpHandler
bc003fe8 t TftpTimeout
bc004060 T TftpStart
bc0042b0 T eth_parse_enetaddr
bc004304 T eth_register
bc004348 T eth_initialize
bc004500 T eth_init
bc00457c T eth_halt
bc0045b0 T eth_send
bc0045e8 T eth_rx
bc004618 T eth_try_another
bc004650 t rt2880_eth_send
bc004736 t $L10
bc004770 t rt2880_eth_recv
bc0048ac t delete_char.part.0.constprop.1
bc004978 T START_ETH
bc0049c0 T STOP_ETH
bc004a08 T rt2880_eth_halt
bc004a2c T rt2880_free_buf_entry_dequeue
bc004a44 T rt2880_eth_initialize
bc004bdc T LANWANPartition
bc004be0 T isDMABusy
bc004c24 t rt2880_eth_init
bc004e7c T mt7628_ephy_init
bc0050a8 T rt305x_esw_init
bc0051b8 T readline
bc0053b0 T input_value
bc005420 T enable_mdio
bc005424 T mii_mgr_read
bc00551c T mii_mgr_write
bc005614 T dump_phy_reg
bc00575c T rt2880_mdio_access
bc005ac0 t bbu_spic_busy_wait
bc005b24 t bbu_spic_trans
bc005d08 t raspi_unprotect
bc005d94 t raspi_write_enable
bc005dc8 t raspi_write_disable
bc005dfc t raspi_wait_ready
bc005e90 t raspi_4byte_mode
bc006010 t bbu_mb_spic_trans
bc0061ba t $L76
bc0061f4 T spic_init
bc0061f8 T chip_prob
bc00632c T raspi_init
bc006368 T raspi_erase
bc00647c T raspi_read
bc006564 T raspi_write
bc006734 T raspi_erase_write
bc006960 t console_setfile
bc0069d8 T serial_printf
bc006a14 T fgetc
bc006a48 T ftstc
bc006a7c T fputc
bc006ab0 T fputs
bc006ae0 T fprintf
bc006b20 T getc
bc006b58 T tstc
bc006b90 T putc
bc006bd0 T puts
bc006c0c T printf
bc006c48 T vprintf
bc006c84 T ctrlc
bc006cd8 T disable_ctrlc
bc006cf8 T had_ctrlc
bc006d14 T clear_ctrlc
bc006d34 T dbg
bc006d3c T console_assign
bc006ddc T console_init_f
bc006de8 T console_init_r
bc006ee0 T device_register
bc006f10 T devices_init
bc006fc8 T devices_done
bc007000 T malloc_bin_reloc
bc007034 T malloc_trim
bc0070f8 T free
bc007288 T cfree
bc0072ac T malloc
bc0076d8 T calloc
bc00778c T memalign
bc00787c T pvalloc
bc0078b0 T valloc
bc0078d8 T realloc
bc007bd0 t $L131
bc007c1c T malloc_usable_size
bc007c5c T mallopt
bc007cc0 T env_get_char_memory
bc007cec t env_get_char_init
bc007d20 T env_crc_update
bc007d54 T env_get_addr
bc007d7c T env_relocate
bc007e20 t dummy
bc007e24 T get_version
bc007e28 T jumptable_init
bc007e90 T NewHandle
bc007ef8 T DisposeHandle
bc007f30 T GetHandleSize
bc007f34 T SetHandleSize
bc007fb0 T ListCreate
bc007ff4 T ListDispose
bc008018 T ListInsertItems
bc008164 T ListInsertItem
bc008188 T ListGetPtrToItem
bc0081b4 T ListNumItems
bc0081c0 t envmatch
bc008224 T _do_setenv
bc00863c T setenv
bc008678 T do_setenv
bc0086bc T getenv
bc008740 t __fswab32
bc008764 T print_image_hdr
bc008a40 T do_bootm
bc008e90 T do_tftpb
bc0091a0 T env_get_char_spec
bc0091ac T env_init
bc0091d0 T spi_env_init
bc00925c T saveenv
bc00935c T env_relocate_spec
bc009390 T crc32
bc009500 T display_options
bc009530 T print_size
bc0095e0 T strnicmp
bc009640 T strcpy
bc009650 T strncpy
bc009664 T strcat
bc00968c T strncat
bc0096c4 T strcmp
bc0096d8 T strncmp
bc009704 T strchr
bc00972c T strlen
bc00974c T strrchr
bc009788 T strnlen
bc0097ac T strdup
bc009800 T strspn
bc009830 T strpbrk
bc00985c T strtok
bc0098c4 T strsep
bc0098fc T strswab
bc009930 T memset
bc009950 T bcopy
bc009978 T memcpy
bc00999c T memmove
bc0099e8 T memcmp
bc009a10 T memscan
bc009a34 T strstr
bc009aa0 T memchr
bc009ad0 t number
bc009ca0 T simple_strtoul
bc009d34 T simple_strtol
bc009d68 T vsprintf
bc00a024 T sprintf
bc00a04c T panic
bc00a0b0 T RangeDecoderReadByte
bc00a0d8 T RangeDecoderInit
bc00a128 T RangeDecoderDecodeDirectBits
bc00a194 T RangeDecoderBitDecode
bc00a20c T RangeDecoderBitTreeDecode
bc00a260 T RangeDecoderReverseBitTreeDecode
bc00a2b4 T LzmaLiteralDecode
bc00a2f8 T LzmaLiteralDecodeMatch
bc00a374 T LzmaLenDecode
bc00a3fc T LzmaDecode
bc00a71c T lzmaBuffToBuffDecompress
bc00a860 T get_ram_size
bc00a928 T initdram
bc00a958 T checkboard
bc00a990 T serial_setbrg
bc00a9d8 T serial_init
bc00a9fc T serial_putc
bc00aa3c T serial_tstc
bc00aa4c T serial_getc
bc00aa68 T serial_puts
bc00aaa0 t dcache_line_size
bc00aac4 T do_reset
bc00aad4 T flush_cache
bc00ab90 T flush_dcache_range
bc00abf0 T invalidate_dcache_range
bc00ac50 t __fswab32
bc00ac74 t linux_env_set
bc00ad48 T do_bootm_linux
bc00b310 R version_string
bc00b360 r __func__.1855
bc00b374 r __func__.1823
bc00b384 r __func__.1779
bc00b398 r __func__.1895
bc00b3a8 r __func__.1904
bc00b3bc r __func__.1882
bc00b3d0 r __func__.1938
bc00b3dc r __func__.1806
bc00b3f0 r baudrate_table
bc00b410 r p.1752
bc00d260 D NetBcastAddr
bc00d270 d erase_seq
bc00d274 d tab_seq
bc00d280 D stm_opcodes
bc00d2c0 d sbrk_base
bc00d2c4 d trim_threshold
bc00d2c8 d mmap_threshold
bc00d2d0 D default_environment
bc00d340 D load_addr
bc00d350 d crc_table_empty
bc00d360 D _ctype
bc00d460 d chips_data
bc00d7f0 D stdio_names
bc00d7fc d av_
bc00dc04 D env_get_char
bc00dc08 D env_name_spec
bc00dc10 A _gp
bc00dc10 D _GLOBAL_OFFSET_TABLE_
bc00dc10 D __got_start
bc00df7c A __u_boot_cmd_start
bc00df7c D __got_end
bc00df7c D __u_boot_cmd_mdio
bc00df94 A __u_boot_cmd_end
bc00df94 A uboot_end_data
bc00dfa0 B modifies
bc00dfa4 b mem_malloc_brk
bc00dfa8 b mem_malloc_start
bc00dfac b mem_malloc_end
bc00dfb0 b file_name_space
bc00e030 B NetTxPacket
bc00e034 B NetEtherNullAddr
bc00e03c B NetServerEther
bc00e042 B NetBootFileSize
bc00e044 B NetOurRootPath
bc00e084 B NetOurHostName
bc00e0a4 B NetOurNISDomain
bc00e0c4 B NetOurDNSIP
bc00e0c8 B NetOurGatewayIP
bc00e0cc B NetOurSubnetMask
bc00e0d0 b timeHandler
bc00e0d4 b timeStart
bc00e0d8 b timeDelta
bc00e0dc b packetHandler
bc00e0e0 b TftpState
bc00e0e4 b tftp_filename
bc00e0e8 b TftpBlock
bc00e0ec b TftpServerPort
bc00e0f0 b TftpOurPort
bc00e0f4 b default_filename
bc00e104 b TftpTimeoutCount
bc00e108 b TftpBlockWrap
bc00e10c b TftpBlockWrapOffset
bc00e110 b TftpLastBlock
bc00e120 b eth_devices
bc00e124 b eth_current
bc00e128 b first_failed.2029
bc00e140 b PKT_HEADER_Buf_Pool
bc024980 b rt2880_eth_initd
bc0249a0 b rx_ring_cache
bc024b20 b rx_ring
bc024b40 b tx_ring0_cache
bc024cc0 b tx_ring0
bc024cc4 b rt2880_free_buf
bc024f94 b rx_dma_owner_idx0
bc024f98 b tx_cpu_owner_idx0
bc024f9c b rxRingSize
bc024f9d b txRingSize
bc024fa0 b rx_wants_alloc_idx0
bc024fc0 B spi_chip_info
bc024fd0 b ctrlc_disabled
bc024fd4 b ctrlc_was_pressed
bc024fe0 B stdio_devices
bc024fec B devlist
bc024ff0 b top_pad
bc024ff4 b current_mallinfo
bc02501c b max_sbrked_mem
bc025020 b max_total_mem
bc025024 b n_mmaps_max
bc025030 b crc_table
bc025430 b linux_argv
bc025434 b linux_argc
bc025438 b linux_env
bc02543c b linux_env_idx
bc025440 b linux_env_p
bc025450 B gd_data
bc025474 B Pkt_Buf_Pool
bc03c8b4 B NetRxPackets
bc03c9a4 B BootFile
bc03ca24 B NetArpWaitPacketBuf
bc03d064 B console_buffer
bc03d164 B header
bc03d1a4 A uboot_end
bc03d1a4 C monitor_flash_len
bc03d1a8 C mips_bus_feq
bc03d1ac C mips_cpu_feq
bc03d1b0 C NetArpWaitTry
bc03d1b4 C NetArpWaitPacketMAC
bc03d1b8 C NetOurEther
bc03d1c0 C NetOurIP
bc03d1c4 C NetServerIP
bc03d1c8 C NetArpWaitTxPacketSize
bc03d1cc C NetArpWaitReplyIP
bc03d1d0 C NetArpWaitTxPacket
bc03d1d4 C NetArpWaitPacketIP
bc03d1d8 C NetState
bc03d1dc C NetIPID
bc03d1e0 C NetRxPkt
bc03d1e4 C NetRxPktLen
bc03d1e8 C NetBootFileXferSize
bc03d1ec C PktBuf
bc03d1f0 C NetArpWaitTimerStart
bc03d1f4 C TftpStarted
bc03d1f8 C rt2880_free_buf_list
bc03d200 C PKT_HEADER_Buf
bc03d204 C rt2880_pdev
bc03d208 C rt2880_busing_buf_list
bc03d210 C env_ptr
bc03d214 C ___strtok
