Archive member included because of file (symbol)

lib_mips/libmips.a(board.o)   cpu/ralink_soc/start.o (dram_cali)
lib_mips/libmips.a(time.o)    lib_mips/libmips.a(board.o) (timer_init)
net/libnet.a(net.o)           lib_mips/libmips.a(board.o) (copy_filename)
net/libnet.a(tftp.o)          net/libnet.a(net.o) (TftpSend)
net/libnet.a(eth.o)           lib_mips/libmips.a(board.o) (eth_initialize)
drivers/libdrivers.a(rt2880_eth.o)
                              net/libnet.a(net.o) (rt2880_free_buf_entry_dequeue)
drivers/libdrivers.a(mii_mgr.o)
                              drivers/libdrivers.a(rt2880_eth.o) (mii_mgr_write)
drivers/libdrivers.a(spi_rt6855A_flash.o)
                              lib_mips/libmips.a(board.o) (raspi_init)
common/libcommon.a(console.o)
                              lib_mips/libmips.a(board.o) (printf)
common/libcommon.a(devices.o)
                              common/libcommon.a(console.o) (devlist)
common/libcommon.a(dlmalloc.o)
                              lib_mips/libmips.a(board.o) (malloc_bin_reloc)
common/libcommon.a(env_common.o)
                              lib_mips/libmips.a(board.o) (env_relocate)
common/libcommon.a(exports.o)
                              lib_mips/libmips.a(board.o) (jumptable_init)
common/libcommon.a(lists.o)   common/libcommon.a(devices.o) (ListCreate)
common/libcommon.a(cmd_nvedit.o)
                              lib_mips/libmips.a(board.o) (setenv)
common/libcommon.a(cmd_bootm.o)
                              lib_mips/libmips.a(board.o) (do_bootm)
common/libcommon.a(cmd_net.o)
                              lib_mips/libmips.a(board.o) (do_tftpb)
common/libcommon.a(env_spi.o)
                              common/libcommon.a(env_common.o) (env_get_char_spec)
lib_generic/libgeneric.a(crc32.o)
                              common/libcommon.a(env_common.o) (crc32)
lib_generic/libgeneric.a(display_options.o)
                              lib_mips/libmips.a(board.o) (print_size)
lib_generic/libgeneric.a(string.o)
                              net/libnet.a(tftp.o) (strcpy)
lib_generic/libgeneric.a(vsprintf.o)
                              lib_mips/libmips.a(board.o) (simple_strtoul)
lib_generic/libgeneric.a(LzmaDecode.o)
                              common/libcommon.a(cmd_bootm.o) (lzmaBuffToBuffDecompress)
lib_generic/libgeneric.a(ctype.o)
                              lib_generic/libgeneric.a(string.o) (_ctype)
board/rt2880/librt2880.a(rt2880.o)
                              lib_mips/libmips.a(board.o) (initdram)
board/rt2880/librt2880.a(serial.o)
                              common/libcommon.a(cmd_nvedit.o) (serial_setbrg)
cpu/ralink_soc/libralink_soc.a(cpu.o)
                              lib_mips/libmips.a(board.o) (do_reset)
lib_mips/libmips.a(mips_linux.o)
                              common/libcommon.a(cmd_bootm.o) (do_bootm_linux)

Allocating common symbols
Common symbol       size              file

console_buffer      0x100             drivers/libdrivers.a(rt2880_eth.o)
NetArpWaitTry       0x4               net/libnet.a(net.o)
NetArpWaitPacketMAC
                    0x4               net/libnet.a(net.o)
NetOurEther         0x6               net/libnet.a(net.o)
NetOurIP            0x4               net/libnet.a(net.o)
NetServerIP         0x4               net/libnet.a(net.o)
monitor_flash_len   0x4               lib_mips/libmips.a(board.o)
Pkt_Buf_Pool        0x17440           net/libnet.a(net.o)
___strtok           0x4               lib_generic/libgeneric.a(string.o)
NetArpWaitTxPacketSize
                    0x4               net/libnet.a(net.o)
NetArpWaitReplyIP   0x4               net/libnet.a(net.o)
NetRxPackets        0xf0              net/libnet.a(net.o)
NetArpWaitTxPacket  0x4               net/libnet.a(net.o)
rt2880_free_buf_list
                    0x8               drivers/libdrivers.a(rt2880_eth.o)
PKT_HEADER_Buf      0x4               drivers/libdrivers.a(rt2880_eth.o)
NetArpWaitPacketIP  0x4               net/libnet.a(net.o)
NetState            0x4               net/libnet.a(net.o)
BootFile            0x80              net/libnet.a(net.o)
rt2880_pdev         0x4               drivers/libdrivers.a(rt2880_eth.o)
env_ptr             0x4               common/libcommon.a(env_spi.o)
mips_bus_feq        0x4               lib_mips/libmips.a(board.o)
rt2880_busing_buf_list
                    0x8               drivers/libdrivers.a(rt2880_eth.o)
NetIPID             0x4               net/libnet.a(net.o)
mips_cpu_feq        0x4               lib_mips/libmips.a(board.o)
NetRxPkt            0x4               net/libnet.a(net.o)
gd_data             0x24              lib_mips/libmips.a(board.o)
NetArpWaitPacketBuf
                    0x640             net/libnet.a(net.o)
TftpStarted         0x4               net/libnet.a(tftp.o)
header              0x40              common/libcommon.a(cmd_bootm.o)
NetRxPktLen         0x4               net/libnet.a(net.o)
NetBootFileXferSize
                    0x4               net/libnet.a(net.o)
PktBuf              0x4               net/libnet.a(net.o)
NetArpWaitTimerStart
                    0x4               net/libnet.a(net.o)

Discarded input sections

 .reginfo       0x0000000000000000       0x18 lib_mips/libmips.a(board.o)
 .reginfo       0x0000000000000000       0x18 lib_mips/libmips.a(time.o)
 .reginfo       0x0000000000000000       0x18 net/libnet.a(net.o)
 .reginfo       0x0000000000000000       0x18 net/libnet.a(tftp.o)
 .reginfo       0x0000000000000000       0x18 net/libnet.a(eth.o)
 .reginfo       0x0000000000000000       0x18 drivers/libdrivers.a(rt2880_eth.o)
 .reginfo       0x0000000000000000       0x18 drivers/libdrivers.a(mii_mgr.o)
 .reginfo       0x0000000000000000       0x18 drivers/libdrivers.a(spi_rt6855A_flash.o)
 .reginfo       0x0000000000000000       0x18 common/libcommon.a(console.o)
 .reginfo       0x0000000000000000       0x18 common/libcommon.a(devices.o)
 .reginfo       0x0000000000000000       0x18 common/libcommon.a(dlmalloc.o)
 .reginfo       0x0000000000000000       0x18 common/libcommon.a(env_common.o)
 .reginfo       0x0000000000000000       0x18 common/libcommon.a(exports.o)
 .reginfo       0x0000000000000000       0x18 common/libcommon.a(lists.o)
 .reginfo       0x0000000000000000       0x18 common/libcommon.a(cmd_nvedit.o)
 .reginfo       0x0000000000000000       0x18 common/libcommon.a(cmd_bootm.o)
 .reginfo       0x0000000000000000       0x18 common/libcommon.a(cmd_net.o)
 .reginfo       0x0000000000000000       0x18 common/libcommon.a(env_spi.o)
 .reginfo       0x0000000000000000       0x18 lib_generic/libgeneric.a(crc32.o)
 .reginfo       0x0000000000000000       0x18 lib_generic/libgeneric.a(display_options.o)
 .reginfo       0x0000000000000000       0x18 lib_generic/libgeneric.a(string.o)
 .reginfo       0x0000000000000000       0x18 lib_generic/libgeneric.a(vsprintf.o)
 .reginfo       0x0000000000000000       0x18 lib_generic/libgeneric.a(LzmaDecode.o)
 .reginfo       0x0000000000000000       0x18 lib_generic/libgeneric.a(ctype.o)
 .reginfo       0x0000000000000000       0x18 board/rt2880/librt2880.a(rt2880.o)
 .reginfo       0x0000000000000000       0x18 board/rt2880/librt2880.a(serial.o)
 .reginfo       0x0000000000000000       0x18 cpu/ralink_soc/libralink_soc.a(cpu.o)
 .reginfo       0x0000000000000000       0x18 lib_mips/libmips.a(mips_linux.o)

Memory Configuration

Name             Origin             Length             Attributes
*default*        0x0000000000000000 0xffffffffffffffff

Linker script and memory map

                0x0000000000000000                . = 0x0
                0x0000000000000000                . = ALIGN (0x4)

.text           0x00000000bc000000     0xb310
 *(.text)
 .text          0x00000000bc000000     0x1040 cpu/ralink_soc/start.o
                0x00000000bc000000                _start
                0x00000000bc000b98                relocate_code
                0x00000000bc000c64                init_cpu_pll
                0x00000000bc000dc0                SDR_CFG0_TBL
                0x00000000bc000de0                SDR_CFG1_TBL
                0x00000000bc000e00                DDR1_CFG0_TBL
                0x00000000bc000e28                DDR1_CFG1_TBL
                0x00000000bc000ec8                DDR2_CFG0_TBL
                0x00000000bc000ee8                DDR2_CFG1_TBL
                0x00000000bc000f68                lock_dcache
                0x00000000bc000fc4                unlock_dcache
                0x00000000bc001004                fill_icache
 .text          0x00000000bc001040     0x1be0 lib_mips/libmips.a(board.o)
                0x00000000bc001064                dram_cali
                0x00000000bc001829                sbrk
                0x00000000bc001868                board_init_f
                0x00000000bc001b1d                OperationSelect
                0x00000000bc001ba1                tftp_config
                0x00000000bc001f21                trigger_hw_reset
                0x00000000bc001f25                hang
                0x00000000bc001f4d                config_usb_ehciohci
                0x00000000bc001f75                disable_pcie
                0x00000000bc001f9c                board_init_r
 .text          0x00000000bc002c20       0xe0 lib_mips/libmips.a(time.o)
                0x00000000bc002c20                timer_init
                0x00000000bc002c30                get_timer
                0x00000000bc002c3c                udelay
                0x00000000bc002cac                mdelay
 .text          0x00000000bc002d00      0xef0 net/libnet.a(net.o)
                0x00000000bc002d45                NetSetHandler
                0x00000000bc002d61                NetSetTimeout
                0x00000000bc002da9                NetStartAgain
                0x00000000bc002e4d                NetSendPacket
                0x00000000bc002e71                NetCksum
                0x00000000bc002ead                NetCksumOk
                0x00000000bc002edd                NetEthHdrSize
                0x00000000bc002ee1                NetSetEther
                0x00000000bc002f2d                NetReceive
                0x00000000bc003321                ArpRequest
                0x00000000bc003425                ArpTimeoutCheck
                0x00000000bc0034ad                NetSetIP
                0x00000000bc003595                NetSendUDPPacket
                0x00000000bc0036d9                copy_filename
                0x00000000bc003711                ip_to_string
                0x00000000bc003775                string_to_ip
                0x00000000bc0037ed                print_IPaddr
                0x00000000bc003821                getenv_IPaddr
                0x00000000bc003851                NetLoop
 .text          0x00000000bc003bf0      0x6c0 net/libnet.a(tftp.o)
                0x00000000bc003bf1                TftpSend
                0x00000000bc004061                TftpStart
 .text          0x00000000bc0042b0      0x3a0 net/libnet.a(eth.o)
                0x00000000bc0042b1                eth_parse_enetaddr
                0x00000000bc004305                eth_register
                0x00000000bc004349                eth_initialize
                0x00000000bc004501                eth_init
                0x00000000bc00457d                eth_halt
                0x00000000bc0045b1                eth_send
                0x00000000bc0045e9                eth_rx
                0x00000000bc004619                eth_try_another
 .text          0x00000000bc004650      0xdd0 drivers/libdrivers.a(rt2880_eth.o)
                0x00000000bc004979                START_ETH
                0x00000000bc0049c1                STOP_ETH
                0x00000000bc004a09                rt2880_eth_halt
                0x00000000bc004a2d                rt2880_free_buf_entry_dequeue
                0x00000000bc004a45                rt2880_eth_initialize
                0x00000000bc004bdd                LANWANPartition
                0x00000000bc004be1                isDMABusy
                0x00000000bc004e7d                mt7628_ephy_init
                0x00000000bc0050a9                rt305x_esw_init
                0x00000000bc0051b9                readline
                0x00000000bc0053b1                input_value
 .text          0x00000000bc005420      0x6a0 drivers/libdrivers.a(mii_mgr.o)
                0x00000000bc005421                enable_mdio
                0x00000000bc005425                mii_mgr_read
                0x00000000bc00551d                mii_mgr_write
                0x00000000bc005615                dump_phy_reg
                0x00000000bc00575d                rt2880_mdio_access
 .text          0x00000000bc005ac0      0xea0 drivers/libdrivers.a(spi_rt6855A_flash.o)
                0x00000000bc0061f5                spic_init
                0x00000000bc0061f9                chip_prob
                0x00000000bc00632d                raspi_init
                0x00000000bc006369                raspi_erase
                0x00000000bc00647d                raspi_read
                0x00000000bc006565                raspi_write
                0x00000000bc006735                raspi_erase_write
 .text          0x00000000bc006960      0x580 common/libcommon.a(console.o)
                0x00000000bc0069d9                serial_printf
                0x00000000bc006a15                fgetc
                0x00000000bc006a49                ftstc
                0x00000000bc006a7d                fputc
                0x00000000bc006ab1                fputs
                0x00000000bc006ae1                fprintf
                0x00000000bc006b21                getc
                0x00000000bc006b59                tstc
                0x00000000bc006b91                putc
                0x00000000bc006bd1                puts
                0x00000000bc006c0d                printf
                0x00000000bc006c49                vprintf
                0x00000000bc006c85                ctrlc
                0x00000000bc006cd9                disable_ctrlc
                0x00000000bc006cf9                had_ctrlc
                0x00000000bc006d15                clear_ctrlc
                0x00000000bc006d35                dbg
                0x00000000bc006d3d                console_assign
                0x00000000bc006ddd                console_init_f
                0x00000000bc006de9                console_init_r
 .text          0x00000000bc006ee0      0x120 common/libcommon.a(devices.o)
                0x00000000bc006ee1                device_register
                0x00000000bc006f11                devices_init
                0x00000000bc006fc9                devices_done
 .text          0x00000000bc007000      0xcc0 common/libcommon.a(dlmalloc.o)
                0x00000000bc007001                malloc_bin_reloc
                0x00000000bc007035                malloc_trim
                0x00000000bc0070f9                free
                0x00000000bc007289                cfree
                0x00000000bc0072ad                malloc
                0x00000000bc0076d9                calloc
                0x00000000bc00778d                memalign
                0x00000000bc00787d                pvalloc
                0x00000000bc0078b1                valloc
                0x00000000bc0078d9                realloc
                0x00000000bc007c1d                malloc_usable_size
                0x00000000bc007c5d                mallopt
 .text          0x00000000bc007cc0      0x160 common/libcommon.a(env_common.o)
                0x00000000bc007cc1                env_get_char_memory
                0x00000000bc007d21                env_crc_update
                0x00000000bc007d55                env_get_addr
                0x00000000bc007d7d                env_relocate
 .text          0x00000000bc007e20       0x70 common/libcommon.a(exports.o)
                0x00000000bc007e25                get_version
                0x00000000bc007e29                jumptable_init
 .text          0x00000000bc007e90      0x330 common/libcommon.a(lists.o)
                0x00000000bc007e91                NewHandle
                0x00000000bc007ef9                DisposeHandle
                0x00000000bc007f31                GetHandleSize
                0x00000000bc007f35                SetHandleSize
                0x00000000bc007fb1                ListCreate
                0x00000000bc007ff5                ListDispose
                0x00000000bc008019                ListInsertItems
                0x00000000bc008165                ListInsertItem
                0x00000000bc008189                ListGetPtrToItem
                0x00000000bc0081b5                ListNumItems
 .text          0x00000000bc0081c0      0x580 common/libcommon.a(cmd_nvedit.o)
                0x00000000bc008225                _do_setenv
                0x00000000bc00863d                setenv
                0x00000000bc008679                do_setenv
                0x00000000bc0086bd                getenv
 .text          0x00000000bc008740      0x750 common/libcommon.a(cmd_bootm.o)
                0x00000000bc008765                print_image_hdr
                0x00000000bc008a41                do_bootm
 .text          0x00000000bc008e90      0x310 common/libcommon.a(cmd_net.o)
                0x00000000bc008e91                do_tftpb
 .text          0x00000000bc0091a0      0x1f0 common/libcommon.a(env_spi.o)
                0x00000000bc0091a1                env_get_char_spec
                0x00000000bc0091ad                env_init
                0x00000000bc0091d1                spi_env_init
                0x00000000bc00925d                saveenv
                0x00000000bc00935d                env_relocate_spec
 .text          0x00000000bc009390      0x170 lib_generic/libgeneric.a(crc32.o)
                0x00000000bc009391                crc32
 .text          0x00000000bc009500       0xe0 lib_generic/libgeneric.a(display_options.o)
                0x00000000bc009501                display_options
                0x00000000bc009531                print_size
 .text          0x00000000bc0095e0      0x4f0 lib_generic/libgeneric.a(string.o)
                0x00000000bc0095e1                strnicmp
                0x00000000bc009641                strcpy
                0x00000000bc009651                strncpy
                0x00000000bc009665                strcat
                0x00000000bc00968d                strncat
                0x00000000bc0096c5                strcmp
                0x00000000bc0096d9                strncmp
                0x00000000bc009705                strchr
                0x00000000bc00972d                strlen
                0x00000000bc00974d                strrchr
                0x00000000bc009789                strnlen
                0x00000000bc0097ad                strdup
                0x00000000bc009801                strspn
                0x00000000bc009831                strpbrk
                0x00000000bc00985d                strtok
                0x00000000bc0098c5                strsep
                0x00000000bc0098fd                strswab
                0x00000000bc009931                memset
                0x00000000bc009951                bcopy
                0x00000000bc009979                memcpy
                0x00000000bc00999d                memmove
                0x00000000bc0099e9                memcmp
                0x00000000bc009a11                memscan
                0x00000000bc009a35                strstr
                0x00000000bc009aa1                memchr
 .text          0x00000000bc009ad0      0x5e0 lib_generic/libgeneric.a(vsprintf.o)
                0x00000000bc009ca1                simple_strtoul
                0x00000000bc009d35                simple_strtol
                0x00000000bc009d69                vsprintf
                0x00000000bc00a025                sprintf
                0x00000000bc00a04d                panic
 .text          0x00000000bc00a0b0      0x7b0 lib_generic/libgeneric.a(LzmaDecode.o)
                0x00000000bc00a0b1                RangeDecoderReadByte
                0x00000000bc00a0d9                RangeDecoderInit
                0x00000000bc00a129                RangeDecoderDecodeDirectBits
                0x00000000bc00a195                RangeDecoderBitDecode
                0x00000000bc00a20d                RangeDecoderBitTreeDecode
                0x00000000bc00a261                RangeDecoderReverseBitTreeDecode
                0x00000000bc00a2b5                LzmaLiteralDecode
                0x00000000bc00a2f9                LzmaLiteralDecodeMatch
                0x00000000bc00a375                LzmaLenDecode
                0x00000000bc00a3fd                LzmaDecode
                0x00000000bc00a71d                lzmaBuffToBuffDecompress
 .text          0x00000000bc00a860        0x0 lib_generic/libgeneric.a(ctype.o)
 .text          0x00000000bc00a860      0x130 board/rt2880/librt2880.a(rt2880.o)
                0x00000000bc00a861                get_ram_size
                0x00000000bc00a929                initdram
                0x00000000bc00a959                checkboard
 .text          0x00000000bc00a990      0x110 board/rt2880/librt2880.a(serial.o)
                0x00000000bc00a991                serial_setbrg
                0x00000000bc00a9d9                serial_init
                0x00000000bc00a9fd                serial_putc
                0x00000000bc00aa3d                serial_tstc
                0x00000000bc00aa4d                serial_getc
                0x00000000bc00aa69                serial_puts
 .text          0x00000000bc00aaa0      0x1b0 cpu/ralink_soc/libralink_soc.a(cpu.o)
                0x00000000bc00aac5                do_reset
                0x00000000bc00aad4                flush_cache
                0x00000000bc00ab90                flush_dcache_range
                0x00000000bc00abf0                invalidate_dcache_range
 .text          0x00000000bc00ac50      0x6c0 lib_mips/libmips.a(mips_linux.o)
                0x00000000bc00ad49                do_bootm_linux
                0x00000000bc00b310                . = ALIGN (0x4)

.rodata         0x00000000bc00b310      0x110
 *(.rodata)
 .rodata        0x00000000bc00b310       0x30 lib_mips/libmips.a(board.o)
                0x00000000bc00b310                version_string
 .rodata        0x00000000bc00b340       0x10 net/libnet.a(net.o)
 .rodata        0x00000000bc00b350       0x10 net/libnet.a(eth.o)
 .rodata        0x00000000bc00b360       0x90 drivers/libdrivers.a(spi_rt6855A_flash.o)
 .rodata        0x00000000bc00b3f0       0x20 common/libcommon.a(cmd_nvedit.o)
 .rodata        0x00000000bc00b410       0x10 lib_generic/libgeneric.a(crc32.o)

.reginfo        0x00000000bc00b420       0x18
 .reginfo       0x00000000bc00b420       0x18 cpu/ralink_soc/start.o

.rodata.str1.4  0x00000000bc00b438     0x1e20
 .rodata.str1.4
                0x00000000bc00b438      0x79a lib_mips/libmips.a(board.o)
                                        0x7c0 (size before relaxing)
 *fill*         0x00000000bc00bbd2        0x2 00
 .rodata.str1.4
                0x00000000bc00bbd4      0x361 net/libnet.a(net.o)
                                        0x374 (size before relaxing)
 *fill*         0x00000000bc00bf35        0x3 00
 .rodata.str1.4
                0x00000000bc00bf38      0x1f4 net/libnet.a(tftp.o)
                                        0x1fc (size before relaxing)
 .rodata.str1.4
                0x00000000bc00c12c       0x6e net/libnet.a(eth.o)
                                         0x74 (size before relaxing)
 *fill*         0x00000000bc00c19a        0x2 00
 .rodata.str1.4
                0x00000000bc00c19c      0x128 drivers/libdrivers.a(rt2880_eth.o)
 .rodata.str1.4
                0x00000000bc00c2c4      0x422 drivers/libdrivers.a(mii_mgr.o)
                                        0x428 (size before relaxing)
 *fill*         0x00000000bc00c6e6        0x2 00
 .rodata.str1.4
                0x00000000bc00c6e8      0x38a drivers/libdrivers.a(spi_rt6855A_flash.o)
                                        0x390 (size before relaxing)
 *fill*         0x00000000bc00ca72        0x2 00
 .rodata.str1.4
                0x00000000bc00ca74       0x47 common/libcommon.a(devices.o)
                                         0x48 (size before relaxing)
 *fill*         0x00000000bc00cabb        0x1 00
 .rodata.str1.4
                0x00000000bc00cabc       0x33 common/libcommon.a(env_common.o)
                                         0x34 (size before relaxing)
 *fill*         0x00000000bc00caef        0x1 00
 .rodata.str1.4
                0x00000000bc00caf0       0xcf common/libcommon.a(cmd_nvedit.o)
                                        0x11c (size before relaxing)
 *fill*         0x00000000bc00cbbf        0x1 00
 .rodata.str1.4
                0x00000000bc00cbc0      0x3f0 common/libcommon.a(cmd_bootm.o)
                                        0x3f4 (size before relaxing)
 .rodata.str1.4
                0x00000000bc00cfb0       0x91 common/libcommon.a(cmd_net.o)
                                         0xf4 (size before relaxing)
 *fill*         0x00000000bc00d041        0x3 00
 .rodata.str1.4
                0x00000000bc00d044       0x52 common/libcommon.a(env_spi.o)
                                         0x54 (size before relaxing)
 *fill*         0x00000000bc00d096        0x2 00
 .rodata.str1.4
                0x00000000bc00d098       0x17 lib_generic/libgeneric.a(display_options.o)
                                         0x20 (size before relaxing)
 *fill*         0x00000000bc00d0af        0x1 00
 .rodata.str1.4
                0x00000000bc00d0b0       0x57 lib_generic/libgeneric.a(vsprintf.o)
                                         0x58 (size before relaxing)
 *fill*         0x00000000bc00d107        0x1 00
 .rodata.str1.4
                0x00000000bc00d108       0x15 board/rt2880/librt2880.a(rt2880.o)
                                         0x18 (size before relaxing)
 *fill*         0x00000000bc00d11d        0x3 00
 .rodata.str1.4
                0x00000000bc00d120      0x138 lib_mips/libmips.a(mips_linux.o)
                                        0x188 (size before relaxing)

.rel.dyn        0x00000000bc00d258        0x0
 .rel.dyn       0x0000000000000000        0x0 cpu/ralink_soc/start.o
                0x00000000bc00d258                . = ALIGN (0x4)

.data           0x00000000bc00d260      0x200
 *(.data)
 .data          0x00000000bc00d260        0x0 cpu/ralink_soc/start.o
 .data          0x00000000bc00d260        0x0 lib_mips/libmips.a(board.o)
 .data          0x00000000bc00d260        0x0 lib_mips/libmips.a(time.o)
 .data          0x00000000bc00d260       0x10 net/libnet.a(net.o)
                0x00000000bc00d260                NetBcastAddr
 .data          0x00000000bc00d270        0x0 net/libnet.a(tftp.o)
 .data          0x00000000bc00d270        0x0 net/libnet.a(eth.o)
 .data          0x00000000bc00d270       0x10 drivers/libdrivers.a(rt2880_eth.o)
 .data          0x00000000bc00d280        0x0 drivers/libdrivers.a(mii_mgr.o)
 .data          0x00000000bc00d280       0x40 drivers/libdrivers.a(spi_rt6855A_flash.o)
                0x00000000bc00d280                stm_opcodes
 .data          0x00000000bc00d2c0        0x0 common/libcommon.a(console.o)
 .data          0x00000000bc00d2c0        0x0 common/libcommon.a(devices.o)
 .data          0x00000000bc00d2c0       0x10 common/libcommon.a(dlmalloc.o)
 .data          0x00000000bc00d2d0       0x70 common/libcommon.a(env_common.o)
                0x00000000bc00d2d0                default_environment
 .data          0x00000000bc00d340        0x0 common/libcommon.a(exports.o)
 .data          0x00000000bc00d340        0x0 common/libcommon.a(lists.o)
 .data          0x00000000bc00d340        0x0 common/libcommon.a(cmd_nvedit.o)
 .data          0x00000000bc00d340       0x10 common/libcommon.a(cmd_bootm.o)
                0x00000000bc00d340                load_addr
 .data          0x00000000bc00d350        0x0 common/libcommon.a(cmd_net.o)
 .data          0x00000000bc00d350        0x0 common/libcommon.a(env_spi.o)
 .data          0x00000000bc00d350       0x10 lib_generic/libgeneric.a(crc32.o)
 .data          0x00000000bc00d360        0x0 lib_generic/libgeneric.a(display_options.o)
 .data          0x00000000bc00d360        0x0 lib_generic/libgeneric.a(string.o)
 .data          0x00000000bc00d360        0x0 lib_generic/libgeneric.a(vsprintf.o)
 .data          0x00000000bc00d360        0x0 lib_generic/libgeneric.a(LzmaDecode.o)
 .data          0x00000000bc00d360      0x100 lib_generic/libgeneric.a(ctype.o)
                0x00000000bc00d360                _ctype
 .data          0x00000000bc00d460        0x0 board/rt2880/librt2880.a(rt2880.o)
 .data          0x00000000bc00d460        0x0 board/rt2880/librt2880.a(serial.o)
 .data          0x00000000bc00d460        0x0 cpu/ralink_soc/libralink_soc.a(cpu.o)
 .data          0x00000000bc00d460        0x0 lib_mips/libmips.a(mips_linux.o)

.got.plt        0x00000000bc00d460        0x0
 .got.plt       0x0000000000000000        0x0 cpu/ralink_soc/start.o

.data.rel.local
                0x00000000bc00d460      0x7ac
 .data.rel.local
                0x00000000bc00d460      0x390 drivers/libdrivers.a(spi_rt6855A_flash.o)
 .data.rel.local
                0x00000000bc00d7f0        0xc common/libcommon.a(devices.o)
                0x00000000bc00d7f0                stdio_names
 .data.rel.local
                0x00000000bc00d7fc      0x408 common/libcommon.a(dlmalloc.o)
 .data.rel.local
                0x00000000bc00dc04        0x4 common/libcommon.a(env_common.o)
                0x00000000bc00dc04                env_get_char
 .data.rel.local
                0x00000000bc00dc08        0x4 common/libcommon.a(env_spi.o)
                0x00000000bc00dc08                env_name_spec
                0x00000000bc00dc0c                . = ALIGN (0x4)

.sdata
 *(.sdata)
 *(.sdata)
                0x00000000bc00dc10                _gp = ALIGN (0x10)

.got            0x00000000bc00dc10      0x36c
                0x00000000bc00dc10                __got_start = .
 *(.got)
 .got           0x00000000bc00dc10      0x36c cpu/ralink_soc/start.o
                0x00000000bc00dc10                _GLOBAL_OFFSET_TABLE_
                0x00000000bc00df7c                __got_end = .
                0x00000000bc00df7c                __u_boot_cmd_start = .

.u_boot_cmd     0x00000000bc00df7c       0x18
 *(.u_boot_cmd)
 .u_boot_cmd    0x00000000bc00df7c       0x18 drivers/libdrivers.a(mii_mgr.o)
                0x00000000bc00df7c                __u_boot_cmd_mdio
                0x00000000bc00df94                __u_boot_cmd_end = .
                0x00000000bc00df94                uboot_end_data = .
                0x00000000000000db                num_got_entries = ((__got_end - __got_start) >> 0x2)
                0x00000000bc00df94                . = ALIGN (0x4)

.sbss
 *(.sbss)

.bss            0x00000000bc00dfa0    0x2f204
 *(.bss)
 .bss           0x00000000bc00dfa0        0x0 cpu/ralink_soc/start.o
 .bss           0x00000000bc00dfa0       0x90 lib_mips/libmips.a(board.o)
                0x00000000bc00dfa0                modifies
 .bss           0x00000000bc00e030        0x0 lib_mips/libmips.a(time.o)
 .bss           0x00000000bc00e030       0xb0 net/libnet.a(net.o)
                0x00000000bc00e030                NetTxPacket
                0x00000000bc00e034                NetEtherNullAddr
                0x00000000bc00e03c                NetServerEther
                0x00000000bc00e042                NetBootFileSize
                0x00000000bc00e044                NetOurRootPath
                0x00000000bc00e084                NetOurHostName
                0x00000000bc00e0a4                NetOurNISDomain
                0x00000000bc00e0c4                NetOurDNSIP
                0x00000000bc00e0c8                NetOurGatewayIP
                0x00000000bc00e0cc                NetOurSubnetMask
 .bss           0x00000000bc00e0e0       0x40 net/libnet.a(tftp.o)
 .bss           0x00000000bc00e120       0x10 net/libnet.a(eth.o)
 *fill*         0x00000000bc00e130       0x10 00
 .bss           0x00000000bc00e140    0x16e80 drivers/libdrivers.a(rt2880_eth.o)
 .bss           0x00000000bc024fc0        0x0 drivers/libdrivers.a(mii_mgr.o)
 .bss           0x00000000bc024fc0       0x10 drivers/libdrivers.a(spi_rt6855A_flash.o)
                0x00000000bc024fc0                spi_chip_info
 .bss           0x00000000bc024fd0       0x10 common/libcommon.a(console.o)
 .bss           0x00000000bc024fe0       0x10 common/libcommon.a(devices.o)
                0x00000000bc024fe0                stdio_devices
                0x00000000bc024fec                devlist
 .bss           0x00000000bc024ff0       0x40 common/libcommon.a(dlmalloc.o)
 .bss           0x00000000bc025030        0x0 common/libcommon.a(env_common.o)
 .bss           0x00000000bc025030        0x0 common/libcommon.a(exports.o)
 .bss           0x00000000bc025030        0x0 common/libcommon.a(lists.o)
 .bss           0x00000000bc025030        0x0 common/libcommon.a(cmd_nvedit.o)
 .bss           0x00000000bc025030        0x0 common/libcommon.a(cmd_bootm.o)
 .bss           0x00000000bc025030        0x0 common/libcommon.a(cmd_net.o)
 .bss           0x00000000bc025030        0x0 common/libcommon.a(env_spi.o)
 .bss           0x00000000bc025030      0x400 lib_generic/libgeneric.a(crc32.o)
 .bss           0x00000000bc025430        0x0 lib_generic/libgeneric.a(display_options.o)
 .bss           0x00000000bc025430        0x0 lib_generic/libgeneric.a(string.o)
 .bss           0x00000000bc025430        0x0 lib_generic/libgeneric.a(vsprintf.o)
 .bss           0x00000000bc025430        0x0 lib_generic/libgeneric.a(LzmaDecode.o)
 .bss           0x00000000bc025430        0x0 lib_generic/libgeneric.a(ctype.o)
 .bss           0x00000000bc025430        0x0 board/rt2880/librt2880.a(rt2880.o)
 .bss           0x00000000bc025430        0x0 board/rt2880/librt2880.a(serial.o)
 .bss           0x00000000bc025430        0x0 cpu/ralink_soc/libralink_soc.a(cpu.o)
 .bss           0x00000000bc025430       0x20 lib_mips/libmips.a(mips_linux.o)
 COMMON         0x00000000bc025450       0x24 lib_mips/libmips.a(board.o)
                0x00000000bc025450                gd_data
 COMMON         0x00000000bc025474    0x17bf0 net/libnet.a(net.o)
                0x00000000bc025474                Pkt_Buf_Pool
                0x00000000bc03c8b4                NetRxPackets
                0x00000000bc03c9a4                BootFile
                0x00000000bc03ca24                NetArpWaitPacketBuf
 COMMON         0x00000000bc03d064      0x100 drivers/libdrivers.a(rt2880_eth.o)
                0x00000000bc03d064                console_buffer
 COMMON         0x00000000bc03d164       0x40 common/libcommon.a(cmd_bootm.o)
                0x00000000bc03d164                header
                0x00000000bc03d1a4                uboot_end = .
Address of section .text set to 0xbc000000
LOAD cpu/ralink_soc/start.o
START GROUP
LOAD lib_generic/libgeneric.a
LOAD board/rt2880/librt2880.a
LOAD cpu/ralink_soc/libralink_soc.a
LOAD lib_mips/libmips.a
LOAD net/libnet.a
LOAD drivers/libdrivers.a
LOAD common/libcommon.a
END GROUP
OUTPUT(u-boot elf32-tradlittlemips)

.scommon        0x00000000bc03d1a4       0x74
 .scommon       0x00000000bc03d1a4        0xc lib_mips/libmips.a(board.o)
                0x00000000bc03d1a4                monitor_flash_len
                0x00000000bc03d1a8                mips_bus_feq
                0x00000000bc03d1ac                mips_cpu_feq
 .scommon       0x00000000bc03d1b0       0x44 net/libnet.a(net.o)
                0x00000000bc03d1b0                NetArpWaitTry
                0x00000000bc03d1b4                NetArpWaitPacketMAC
                0x00000000bc03d1b8                NetOurEther
                0x00000000bc03d1c0                NetOurIP
                0x00000000bc03d1c4                NetServerIP
                0x00000000bc03d1c8                NetArpWaitTxPacketSize
                0x00000000bc03d1cc                NetArpWaitReplyIP
                0x00000000bc03d1d0                NetArpWaitTxPacket
                0x00000000bc03d1d4                NetArpWaitPacketIP
                0x00000000bc03d1d8                NetState
                0x00000000bc03d1dc                NetIPID
                0x00000000bc03d1e0                NetRxPkt
                0x00000000bc03d1e4                NetRxPktLen
                0x00000000bc03d1e8                NetBootFileXferSize
                0x00000000bc03d1ec                PktBuf
                0x00000000bc03d1f0                NetArpWaitTimerStart
 .scommon       0x00000000bc03d1f4        0x4 net/libnet.a(tftp.o)
                0x00000000bc03d1f4                TftpStarted
 .scommon       0x00000000bc03d1f8       0x18 drivers/libdrivers.a(rt2880_eth.o)
                0x00000000bc03d1f8                rt2880_free_buf_list
                0x00000000bc03d200                PKT_HEADER_Buf
                0x00000000bc03d204                rt2880_pdev
                0x00000000bc03d208                rt2880_busing_buf_list
 .scommon       0x00000000bc03d210        0x4 common/libcommon.a(env_spi.o)
                0x00000000bc03d210                env_ptr
 .scommon       0x00000000bc03d214        0x4 lib_generic/libgeneric.a(string.o)
                0x00000000bc03d214                ___strtok

.pdr            0x0000000000000000     0x1b60
 .pdr           0x0000000000000000       0xa0 cpu/ralink_soc/start.o
 .pdr           0x00000000000000a0      0x160 lib_mips/libmips.a(board.o)
 .pdr           0x0000000000000200       0x80 lib_mips/libmips.a(time.o)
 .pdr           0x0000000000000280      0x2c0 net/libnet.a(net.o)
 .pdr           0x0000000000000540       0x80 net/libnet.a(tftp.o)
 .pdr           0x00000000000005c0      0x100 net/libnet.a(eth.o)
 .pdr           0x00000000000006c0      0x1e0 drivers/libdrivers.a(rt2880_eth.o)
 .pdr           0x00000000000008a0       0xa0 drivers/libdrivers.a(mii_mgr.o)
 .pdr           0x0000000000000940      0x1e0 drivers/libdrivers.a(spi_rt6855A_flash.o)
 .pdr           0x0000000000000b20      0x2a0 common/libcommon.a(console.o)
 .pdr           0x0000000000000dc0       0x60 common/libcommon.a(devices.o)
 .pdr           0x0000000000000e20      0x180 common/libcommon.a(dlmalloc.o)
 .pdr           0x0000000000000fa0       0xa0 common/libcommon.a(env_common.o)
 .pdr           0x0000000000001040       0x60 common/libcommon.a(exports.o)
 .pdr           0x00000000000010a0      0x140 common/libcommon.a(lists.o)
 .pdr           0x00000000000011e0       0xa0 common/libcommon.a(cmd_nvedit.o)
 .pdr           0x0000000000001280       0x60 common/libcommon.a(cmd_bootm.o)
 .pdr           0x00000000000012e0       0x20 common/libcommon.a(cmd_net.o)
 .pdr           0x0000000000001300       0xa0 common/libcommon.a(env_spi.o)
 .pdr           0x00000000000013a0       0x20 lib_generic/libgeneric.a(crc32.o)
 .pdr           0x00000000000013c0       0x40 lib_generic/libgeneric.a(display_options.o)
 .pdr           0x0000000000001400      0x320 lib_generic/libgeneric.a(string.o)
 .pdr           0x0000000000001720       0xc0 lib_generic/libgeneric.a(vsprintf.o)
 .pdr           0x00000000000017e0      0x160 lib_generic/libgeneric.a(LzmaDecode.o)
 .pdr           0x0000000000001940        0x0 lib_generic/libgeneric.a(ctype.o)
 .pdr           0x0000000000001940       0x60 board/rt2880/librt2880.a(rt2880.o)
 .pdr           0x00000000000019a0       0xc0 board/rt2880/librt2880.a(serial.o)
 .pdr           0x0000000000001a60       0xa0 cpu/ralink_soc/libralink_soc.a(cpu.o)
 .pdr           0x0000000000001b00       0x60 lib_mips/libmips.a(mips_linux.o)

.mdebug.abi32   0x0000000000000000        0x0
 .mdebug.abi32  0x0000000000000000        0x0 lib_mips/libmips.a(board.o)
 .mdebug.abi32  0x0000000000000000        0x0 lib_mips/libmips.a(time.o)
 .mdebug.abi32  0x0000000000000000        0x0 net/libnet.a(net.o)
 .mdebug.abi32  0x0000000000000000        0x0 net/libnet.a(tftp.o)
 .mdebug.abi32  0x0000000000000000        0x0 net/libnet.a(eth.o)
 .mdebug.abi32  0x0000000000000000        0x0 drivers/libdrivers.a(rt2880_eth.o)
 .mdebug.abi32  0x0000000000000000        0x0 drivers/libdrivers.a(mii_mgr.o)
 .mdebug.abi32  0x0000000000000000        0x0 drivers/libdrivers.a(spi_rt6855A_flash.o)
 .mdebug.abi32  0x0000000000000000        0x0 common/libcommon.a(console.o)
 .mdebug.abi32  0x0000000000000000        0x0 common/libcommon.a(devices.o)
 .mdebug.abi32  0x0000000000000000        0x0 common/libcommon.a(dlmalloc.o)
 .mdebug.abi32  0x0000000000000000        0x0 common/libcommon.a(env_common.o)
 .mdebug.abi32  0x0000000000000000        0x0 common/libcommon.a(exports.o)
 .mdebug.abi32  0x0000000000000000        0x0 common/libcommon.a(lists.o)
 .mdebug.abi32  0x0000000000000000        0x0 common/libcommon.a(cmd_nvedit.o)
 .mdebug.abi32  0x0000000000000000        0x0 common/libcommon.a(cmd_bootm.o)
 .mdebug.abi32  0x0000000000000000        0x0 common/libcommon.a(cmd_net.o)
 .mdebug.abi32  0x0000000000000000        0x0 common/libcommon.a(env_spi.o)
 .mdebug.abi32  0x0000000000000000        0x0 lib_generic/libgeneric.a(crc32.o)
 .mdebug.abi32  0x0000000000000000        0x0 lib_generic/libgeneric.a(display_options.o)
 .mdebug.abi32  0x0000000000000000        0x0 lib_generic/libgeneric.a(string.o)
 .mdebug.abi32  0x0000000000000000        0x0 lib_generic/libgeneric.a(vsprintf.o)
 .mdebug.abi32  0x0000000000000000        0x0 lib_generic/libgeneric.a(LzmaDecode.o)
 .mdebug.abi32  0x0000000000000000        0x0 lib_generic/libgeneric.a(ctype.o)
 .mdebug.abi32  0x0000000000000000        0x0 board/rt2880/librt2880.a(rt2880.o)
 .mdebug.abi32  0x0000000000000000        0x0 board/rt2880/librt2880.a(serial.o)
 .mdebug.abi32  0x0000000000000000        0x0 cpu/ralink_soc/libralink_soc.a(cpu.o)
 .mdebug.abi32  0x0000000000000000        0x0 lib_mips/libmips.a(mips_linux.o)

.comment        0x0000000000000000       0x21
 .comment       0x0000000000000000       0x21 lib_mips/libmips.a(board.o)
                                         0x22 (size before relaxing)
 .comment       0x0000000000000000       0x22 lib_mips/libmips.a(time.o)
 .comment       0x0000000000000000       0x22 net/libnet.a(net.o)
 .comment       0x0000000000000000       0x22 net/libnet.a(tftp.o)
 .comment       0x0000000000000000       0x22 net/libnet.a(eth.o)
 .comment       0x0000000000000000       0x22 drivers/libdrivers.a(rt2880_eth.o)
 .comment       0x0000000000000000       0x22 drivers/libdrivers.a(mii_mgr.o)
 .comment       0x0000000000000000       0x22 drivers/libdrivers.a(spi_rt6855A_flash.o)
 .comment       0x0000000000000000       0x22 common/libcommon.a(console.o)
 .comment       0x0000000000000000       0x22 common/libcommon.a(devices.o)
 .comment       0x0000000000000000       0x22 common/libcommon.a(dlmalloc.o)
 .comment       0x0000000000000000       0x22 common/libcommon.a(env_common.o)
 .comment       0x0000000000000000       0x22 common/libcommon.a(exports.o)
 .comment       0x0000000000000000       0x22 common/libcommon.a(lists.o)
 .comment       0x0000000000000000       0x22 common/libcommon.a(cmd_nvedit.o)
 .comment       0x0000000000000000       0x22 common/libcommon.a(cmd_bootm.o)
 .comment       0x0000000000000000       0x22 common/libcommon.a(cmd_net.o)
 .comment       0x0000000000000000       0x22 common/libcommon.a(env_spi.o)
 .comment       0x0000000000000000       0x22 lib_generic/libgeneric.a(crc32.o)
 .comment       0x0000000000000000       0x22 lib_generic/libgeneric.a(display_options.o)
 .comment       0x0000000000000000       0x22 lib_generic/libgeneric.a(string.o)
 .comment       0x0000000000000000       0x22 lib_generic/libgeneric.a(vsprintf.o)
 .comment       0x0000000000000000       0x22 lib_generic/libgeneric.a(LzmaDecode.o)
 .comment       0x0000000000000000       0x22 lib_generic/libgeneric.a(ctype.o)
 .comment       0x0000000000000000       0x22 board/rt2880/librt2880.a(rt2880.o)
 .comment       0x0000000000000000       0x22 board/rt2880/librt2880.a(serial.o)
 .comment       0x0000000000000000       0x22 cpu/ralink_soc/libralink_soc.a(cpu.o)
 .comment       0x0000000000000000       0x22 lib_mips/libmips.a(mips_linux.o)

.gnu.attributes
                0x0000000000000000       0x10
 .gnu.attributes
                0x0000000000000000       0x10 lib_mips/libmips.a(board.o)
 .gnu.attributes
                0x0000000000000010       0x10 lib_mips/libmips.a(time.o)
 .gnu.attributes
                0x0000000000000020       0x10 net/libnet.a(net.o)
 .gnu.attributes
                0x0000000000000030       0x10 net/libnet.a(tftp.o)
 .gnu.attributes
                0x0000000000000040       0x10 net/libnet.a(eth.o)
 .gnu.attributes
                0x0000000000000050       0x10 drivers/libdrivers.a(rt2880_eth.o)
 .gnu.attributes
                0x0000000000000060       0x10 drivers/libdrivers.a(mii_mgr.o)
 .gnu.attributes
                0x0000000000000070       0x10 drivers/libdrivers.a(spi_rt6855A_flash.o)
 .gnu.attributes
                0x0000000000000080       0x10 common/libcommon.a(console.o)
 .gnu.attributes
                0x0000000000000090       0x10 common/libcommon.a(devices.o)
 .gnu.attributes
                0x00000000000000a0       0x10 common/libcommon.a(dlmalloc.o)
 .gnu.attributes
                0x00000000000000b0       0x10 common/libcommon.a(env_common.o)
 .gnu.attributes
                0x00000000000000c0       0x10 common/libcommon.a(exports.o)
 .gnu.attributes
                0x00000000000000d0       0x10 common/libcommon.a(lists.o)
 .gnu.attributes
                0x00000000000000e0       0x10 common/libcommon.a(cmd_nvedit.o)
 .gnu.attributes
                0x00000000000000f0       0x10 common/libcommon.a(cmd_bootm.o)
 .gnu.attributes
                0x0000000000000100       0x10 common/libcommon.a(cmd_net.o)
 .gnu.attributes
                0x0000000000000110       0x10 common/libcommon.a(env_spi.o)
 .gnu.attributes
                0x0000000000000120       0x10 lib_generic/libgeneric.a(crc32.o)
 .gnu.attributes
                0x0000000000000130       0x10 lib_generic/libgeneric.a(display_options.o)
 .gnu.attributes
                0x0000000000000140       0x10 lib_generic/libgeneric.a(string.o)
 .gnu.attributes
                0x0000000000000150       0x10 lib_generic/libgeneric.a(vsprintf.o)
 .gnu.attributes
                0x0000000000000160       0x10 lib_generic/libgeneric.a(LzmaDecode.o)
 .gnu.attributes
                0x0000000000000170       0x10 lib_generic/libgeneric.a(ctype.o)
 .gnu.attributes
                0x0000000000000180       0x10 board/rt2880/librt2880.a(rt2880.o)
 .gnu.attributes
                0x0000000000000190       0x10 board/rt2880/librt2880.a(serial.o)
 .gnu.attributes
                0x00000000000001a0       0x10 cpu/ralink_soc/libralink_soc.a(cpu.o)
 .gnu.attributes
                0x00000000000001b0       0x10 lib_mips/libmips.a(mips_linux.o)

.stab           0x0000000000000000     0x2280
 .stab          0x0000000000000000     0x2280 cpu/ralink_soc/start.o

.stabstr        0x0000000000000000       0x96
 .stabstr       0x0000000000000000       0x96 cpu/ralink_soc/start.o

.debug_info     0x0000000000000000     0xae78
 .debug_info    0x0000000000000000      0xf29 lib_mips/libmips.a(board.o)
 .debug_info    0x0000000000000f29      0x208 lib_mips/libmips.a(time.o)
 .debug_info    0x0000000000001131     0x1357 net/libnet.a(net.o)
 .debug_info    0x0000000000002488      0x50e net/libnet.a(tftp.o)
 .debug_info    0x0000000000002996      0x4cc net/libnet.a(eth.o)
 .debug_info    0x0000000000002e62     0x107e drivers/libdrivers.a(rt2880_eth.o)
 .debug_info    0x0000000000003ee0      0x3be drivers/libdrivers.a(mii_mgr.o)
 .debug_info    0x000000000000429e      0xdcf drivers/libdrivers.a(spi_rt6855A_flash.o)
 .debug_info    0x000000000000506d      0x97b common/libcommon.a(console.o)
 .debug_info    0x00000000000059e8      0x487 common/libcommon.a(devices.o)
 .debug_info    0x0000000000005e6f      0xc7f common/libcommon.a(dlmalloc.o)
 .debug_info    0x0000000000006aee      0x385 common/libcommon.a(env_common.o)
 .debug_info    0x0000000000006e73      0x297 common/libcommon.a(exports.o)
 .debug_info    0x000000000000710a      0x43a common/libcommon.a(lists.o)
 .debug_info    0x0000000000007544      0x64a common/libcommon.a(cmd_nvedit.o)
 .debug_info    0x0000000000007b8e      0x4d2 common/libcommon.a(cmd_bootm.o)
 .debug_info    0x0000000000008060      0x3c3 common/libcommon.a(cmd_net.o)
 .debug_info    0x0000000000008423      0x3bc common/libcommon.a(env_spi.o)
 .debug_info    0x00000000000087df      0x1e7 lib_generic/libgeneric.a(crc32.o)
 .debug_info    0x00000000000089c6      0x136 lib_generic/libgeneric.a(display_options.o)
 .debug_info    0x0000000000008afc      0x974 lib_generic/libgeneric.a(string.o)
 .debug_info    0x0000000000009470      0x49c lib_generic/libgeneric.a(vsprintf.o)
 .debug_info    0x000000000000990c      0x809 lib_generic/libgeneric.a(LzmaDecode.o)
 .debug_info    0x000000000000a115       0x56 lib_generic/libgeneric.a(ctype.o)
 .debug_info    0x000000000000a16b      0x19a board/rt2880/librt2880.a(rt2880.o)
 .debug_info    0x000000000000a305      0x14c board/rt2880/librt2880.a(serial.o)
 .debug_info    0x000000000000a451      0x367 cpu/ralink_soc/libralink_soc.a(cpu.o)
 .debug_info    0x000000000000a7b8      0x6c0 lib_mips/libmips.a(mips_linux.o)

.debug_abbrev   0x0000000000000000     0x32d7
 .debug_abbrev  0x0000000000000000      0x3a8 lib_mips/libmips.a(board.o)
 .debug_abbrev  0x00000000000003a8      0x141 lib_mips/libmips.a(time.o)
 .debug_abbrev  0x00000000000004e9      0x3ca net/libnet.a(net.o)
 .debug_abbrev  0x00000000000008b3      0x1e1 net/libnet.a(tftp.o)
 .debug_abbrev  0x0000000000000a94      0x235 net/libnet.a(eth.o)
 .debug_abbrev  0x0000000000000cc9      0x2fe drivers/libdrivers.a(rt2880_eth.o)
 .debug_abbrev  0x0000000000000fc7      0x154 drivers/libdrivers.a(mii_mgr.o)
 .debug_abbrev  0x000000000000111b      0x2d7 drivers/libdrivers.a(spi_rt6855A_flash.o)
 .debug_abbrev  0x00000000000013f2      0x28a common/libcommon.a(console.o)
 .debug_abbrev  0x000000000000167c      0x165 common/libcommon.a(devices.o)
 .debug_abbrev  0x00000000000017e1      0x236 common/libcommon.a(dlmalloc.o)
 .debug_abbrev  0x0000000000001a17      0x171 common/libcommon.a(env_common.o)
 .debug_abbrev  0x0000000000001b88       0xf3 common/libcommon.a(exports.o)
 .debug_abbrev  0x0000000000001c7b      0x1c6 common/libcommon.a(lists.o)
 .debug_abbrev  0x0000000000001e41      0x20b common/libcommon.a(cmd_nvedit.o)
 .debug_abbrev  0x000000000000204c      0x1f8 common/libcommon.a(cmd_bootm.o)
 .debug_abbrev  0x0000000000002244      0x19e common/libcommon.a(cmd_net.o)
 .debug_abbrev  0x00000000000023e2      0x19f common/libcommon.a(env_spi.o)
 .debug_abbrev  0x0000000000002581       0xf4 lib_generic/libgeneric.a(crc32.o)
 .debug_abbrev  0x0000000000002675       0xc3 lib_generic/libgeneric.a(display_options.o)
 .debug_abbrev  0x0000000000002738      0x20b lib_generic/libgeneric.a(string.o)
 .debug_abbrev  0x0000000000002943      0x1f2 lib_generic/libgeneric.a(vsprintf.o)
 .debug_abbrev  0x0000000000002b35      0x230 lib_generic/libgeneric.a(LzmaDecode.o)
 .debug_abbrev  0x0000000000002d65       0x42 lib_generic/libgeneric.a(ctype.o)
 .debug_abbrev  0x0000000000002da7       0xe1 board/rt2880/librt2880.a(rt2880.o)
 .debug_abbrev  0x0000000000002e88       0xe7 board/rt2880/librt2880.a(serial.o)
 .debug_abbrev  0x0000000000002f6f      0x179 cpu/ralink_soc/libralink_soc.a(cpu.o)
 .debug_abbrev  0x00000000000030e8      0x1ef lib_mips/libmips.a(mips_linux.o)

.debug_loc      0x0000000000000000     0x9534
 .debug_loc     0x0000000000000000      0xc85 lib_mips/libmips.a(board.o)
 .debug_loc     0x0000000000000c85       0x97 lib_mips/libmips.a(time.o)
 .debug_loc     0x0000000000000d1c      0xb2a net/libnet.a(net.o)
 .debug_loc     0x0000000000001846      0x447 net/libnet.a(tftp.o)
 .debug_loc     0x0000000000001c8d      0x260 net/libnet.a(eth.o)
 .debug_loc     0x0000000000001eed      0x927 drivers/libdrivers.a(rt2880_eth.o)
 .debug_loc     0x0000000000002814      0x4f9 drivers/libdrivers.a(mii_mgr.o)
 .debug_loc     0x0000000000002d0d      0xcf1 drivers/libdrivers.a(spi_rt6855A_flash.o)
 .debug_loc     0x00000000000039fe      0x5ff common/libcommon.a(console.o)
 .debug_loc     0x0000000000003ffd       0xdd common/libcommon.a(devices.o)
 .debug_loc     0x00000000000040da     0x16c1 common/libcommon.a(dlmalloc.o)
 .debug_loc     0x000000000000579b       0xf6 common/libcommon.a(env_common.o)
 .debug_loc     0x0000000000005891       0x47 common/libcommon.a(exports.o)
 .debug_loc     0x00000000000058d8      0x3be common/libcommon.a(lists.o)
 .debug_loc     0x0000000000005c96      0x613 common/libcommon.a(cmd_nvedit.o)
 .debug_loc     0x00000000000062a9      0x490 common/libcommon.a(cmd_bootm.o)
 .debug_loc     0x0000000000006739      0x145 common/libcommon.a(cmd_net.o)
 .debug_loc     0x000000000000687e       0xf0 common/libcommon.a(env_spi.o)
 .debug_loc     0x000000000000696e      0x217 lib_generic/libgeneric.a(crc32.o)
 .debug_loc     0x0000000000006b85      0x100 lib_generic/libgeneric.a(display_options.o)
 .debug_loc     0x0000000000006c85      0xa28 lib_generic/libgeneric.a(string.o)
 .debug_loc     0x00000000000076ad      0x9ca lib_generic/libgeneric.a(vsprintf.o)
 .debug_loc     0x0000000000008077      0xc1b lib_generic/libgeneric.a(LzmaDecode.o)
 .debug_loc     0x0000000000008c92      0x213 board/rt2880/librt2880.a(rt2880.o)
 .debug_loc     0x0000000000008ea5       0xc2 board/rt2880/librt2880.a(serial.o)
 .debug_loc     0x0000000000008f67      0x15a cpu/ralink_soc/libralink_soc.a(cpu.o)
 .debug_loc     0x00000000000090c1      0x473 lib_mips/libmips.a(mips_linux.o)

.debug_aranges  0x0000000000000000      0x360
 .debug_aranges
                0x0000000000000000       0x20 lib_mips/libmips.a(board.o)
 .debug_aranges
                0x0000000000000020       0x20 lib_mips/libmips.a(time.o)
 .debug_aranges
                0x0000000000000040       0x20 net/libnet.a(net.o)
 .debug_aranges
                0x0000000000000060       0x20 net/libnet.a(tftp.o)
 .debug_aranges
                0x0000000000000080       0x20 net/libnet.a(eth.o)
 .debug_aranges
                0x00000000000000a0       0x20 drivers/libdrivers.a(rt2880_eth.o)
 .debug_aranges
                0x00000000000000c0       0x20 drivers/libdrivers.a(mii_mgr.o)
 .debug_aranges
                0x00000000000000e0       0x20 drivers/libdrivers.a(spi_rt6855A_flash.o)
 .debug_aranges
                0x0000000000000100       0x20 common/libcommon.a(console.o)
 .debug_aranges
                0x0000000000000120       0x20 common/libcommon.a(devices.o)
 .debug_aranges
                0x0000000000000140       0x20 common/libcommon.a(dlmalloc.o)
 .debug_aranges
                0x0000000000000160       0x20 common/libcommon.a(env_common.o)
 .debug_aranges
                0x0000000000000180       0x20 common/libcommon.a(exports.o)
 .debug_aranges
                0x00000000000001a0       0x20 common/libcommon.a(lists.o)
 .debug_aranges
                0x00000000000001c0       0x20 common/libcommon.a(cmd_nvedit.o)
 .debug_aranges
                0x00000000000001e0       0x20 common/libcommon.a(cmd_bootm.o)
 .debug_aranges
                0x0000000000000200       0x20 common/libcommon.a(cmd_net.o)
 .debug_aranges
                0x0000000000000220       0x20 common/libcommon.a(env_spi.o)
 .debug_aranges
                0x0000000000000240       0x20 lib_generic/libgeneric.a(crc32.o)
 .debug_aranges
                0x0000000000000260       0x20 lib_generic/libgeneric.a(display_options.o)
 .debug_aranges
                0x0000000000000280       0x20 lib_generic/libgeneric.a(string.o)
 .debug_aranges
                0x00000000000002a0       0x20 lib_generic/libgeneric.a(vsprintf.o)
 .debug_aranges
                0x00000000000002c0       0x20 lib_generic/libgeneric.a(LzmaDecode.o)
 .debug_aranges
                0x00000000000002e0       0x20 board/rt2880/librt2880.a(rt2880.o)
 .debug_aranges
                0x0000000000000300       0x20 board/rt2880/librt2880.a(serial.o)
 .debug_aranges
                0x0000000000000320       0x20 cpu/ralink_soc/libralink_soc.a(cpu.o)
 .debug_aranges
                0x0000000000000340       0x20 lib_mips/libmips.a(mips_linux.o)

.debug_ranges   0x0000000000000000      0x9c0
 .debug_ranges  0x0000000000000000      0x1c8 lib_mips/libmips.a(board.o)
 .debug_ranges  0x00000000000001c8      0x1b0 net/libnet.a(net.o)
 .debug_ranges  0x0000000000000378       0x50 net/libnet.a(tftp.o)
 .debug_ranges  0x00000000000003c8       0x28 net/libnet.a(eth.o)
 .debug_ranges  0x00000000000003f0       0x60 drivers/libdrivers.a(rt2880_eth.o)
 .debug_ranges  0x0000000000000450      0x260 drivers/libdrivers.a(spi_rt6855A_flash.o)
 .debug_ranges  0x00000000000006b0       0x20 common/libcommon.a(console.o)
 .debug_ranges  0x00000000000006d0       0x30 common/libcommon.a(devices.o)
 .debug_ranges  0x0000000000000700       0x40 common/libcommon.a(dlmalloc.o)
 .debug_ranges  0x0000000000000740       0x18 common/libcommon.a(lists.o)
 .debug_ranges  0x0000000000000758       0x48 common/libcommon.a(cmd_nvedit.o)
 .debug_ranges  0x00000000000007a0       0x60 common/libcommon.a(cmd_bootm.o)
 .debug_ranges  0x0000000000000800       0x80 common/libcommon.a(cmd_net.o)
 .debug_ranges  0x0000000000000880       0x20 lib_generic/libgeneric.a(string.o)
 .debug_ranges  0x00000000000008a0       0x18 lib_generic/libgeneric.a(vsprintf.o)
 .debug_ranges  0x00000000000008b8       0x78 lib_generic/libgeneric.a(LzmaDecode.o)
 .debug_ranges  0x0000000000000930       0x90 lib_mips/libmips.a(mips_linux.o)

.debug_line     0x0000000000000000     0x42f8
 .debug_line    0x0000000000000000      0x6fa lib_mips/libmips.a(board.o)
 .debug_line    0x00000000000006fa       0xb9 lib_mips/libmips.a(time.o)
 .debug_line    0x00000000000007b3      0x646 net/libnet.a(net.o)
 .debug_line    0x0000000000000df9      0x284 net/libnet.a(tftp.o)
 .debug_line    0x000000000000107d      0x1af net/libnet.a(eth.o)
 .debug_line    0x000000000000122c      0x503 drivers/libdrivers.a(rt2880_eth.o)
 .debug_line    0x000000000000172f      0x21f drivers/libdrivers.a(mii_mgr.o)
 .debug_line    0x000000000000194e      0x4cb drivers/libdrivers.a(spi_rt6855A_flash.o)
 .debug_line    0x0000000000001e19      0x2f6 common/libcommon.a(console.o)
 .debug_line    0x000000000000210f      0x121 common/libcommon.a(devices.o)
 .debug_line    0x0000000000002230      0x562 common/libcommon.a(dlmalloc.o)
 .debug_line    0x0000000000002792      0x13d common/libcommon.a(env_common.o)
 .debug_line    0x00000000000028cf       0xc1 common/libcommon.a(exports.o)
 .debug_line    0x0000000000002990      0x147 common/libcommon.a(lists.o)
 .debug_line    0x0000000000002ad7      0x312 common/libcommon.a(cmd_nvedit.o)
 .debug_line    0x0000000000002de9      0x27d common/libcommon.a(cmd_bootm.o)
 .debug_line    0x0000000000003066      0x12c common/libcommon.a(cmd_net.o)
 .debug_line    0x0000000000003192      0x140 common/libcommon.a(env_spi.o)
 .debug_line    0x00000000000032d2       0xce lib_generic/libgeneric.a(crc32.o)
 .debug_line    0x00000000000033a0       0x97 lib_generic/libgeneric.a(display_options.o)
 .debug_line    0x0000000000003437      0x2b9 lib_generic/libgeneric.a(string.o)
 .debug_line    0x00000000000036f0      0x2dc lib_generic/libgeneric.a(vsprintf.o)
 .debug_line    0x00000000000039cc      0x39f lib_generic/libgeneric.a(LzmaDecode.o)
 .debug_line    0x0000000000003d6b       0x28 lib_generic/libgeneric.a(ctype.o)
 .debug_line    0x0000000000003d93      0x11e board/rt2880/librt2880.a(rt2880.o)
 .debug_line    0x0000000000003eb1       0xb7 board/rt2880/librt2880.a(serial.o)
 .debug_line    0x0000000000003f68       0xd9 cpu/ralink_soc/libralink_soc.a(cpu.o)
 .debug_line    0x0000000000004041      0x2b7 lib_mips/libmips.a(mips_linux.o)

.debug_str      0x0000000000000000     0x2647
 .debug_str     0x0000000000000000      0x61b lib_mips/libmips.a(board.o)
                                        0x6ca (size before relaxing)
 .debug_str     0x000000000000061b       0x52 lib_mips/libmips.a(time.o)
                                        0x138 (size before relaxing)
 .debug_str     0x000000000000066d      0x565 net/libnet.a(net.o)
                                        0x736 (size before relaxing)
 .debug_str     0x0000000000000bd2       0xe3 net/libnet.a(tftp.o)
                                        0x273 (size before relaxing)
 .debug_str     0x0000000000000cb5      0x122 net/libnet.a(eth.o)
                                        0x2c6 (size before relaxing)
 .debug_str     0x0000000000000dd7      0x4ee drivers/libdrivers.a(rt2880_eth.o)
                                        0x73b (size before relaxing)
 .debug_str     0x00000000000012c5       0xbb drivers/libdrivers.a(mii_mgr.o)
                                        0x1e5 (size before relaxing)
 .debug_str     0x0000000000001380      0x28b drivers/libdrivers.a(spi_rt6855A_flash.o)
                                        0x3b8 (size before relaxing)
 .debug_str     0x000000000000160b      0x25c common/libcommon.a(console.o)
                                        0x435 (size before relaxing)
 .debug_str     0x0000000000001867       0x56 common/libcommon.a(devices.o)
                                        0x2a8 (size before relaxing)
 .debug_str     0x00000000000018bd      0x2ea common/libcommon.a(dlmalloc.o)
                                        0x4fa (size before relaxing)
 .debug_str     0x0000000000001ba7       0x99 common/libcommon.a(env_common.o)
                                        0x241 (size before relaxing)
 .debug_str     0x0000000000001c40       0x1f common/libcommon.a(exports.o)
                                        0x259 (size before relaxing)
 .debug_str     0x0000000000001c5f      0x150 common/libcommon.a(lists.o)
                                        0x277 (size before relaxing)
 .debug_str     0x0000000000001daf       0x58 common/libcommon.a(cmd_nvedit.o)
                                        0x28f (size before relaxing)
 .debug_str     0x0000000000001e07       0xe3 common/libcommon.a(cmd_bootm.o)
                                        0x23d (size before relaxing)
 .debug_str     0x0000000000001eea       0x46 common/libcommon.a(cmd_net.o)
                                        0x209 (size before relaxing)
 .debug_str     0x0000000000001f30       0x76 common/libcommon.a(env_spi.o)
                                        0x26b (size before relaxing)
 .debug_str     0x0000000000001fa6       0x69 lib_generic/libgeneric.a(crc32.o)
                                        0x113 (size before relaxing)
 .debug_str     0x000000000000200f       0x2d lib_generic/libgeneric.a(display_options.o)
                                         0xfb (size before relaxing)
 .debug_str     0x000000000000203c       0xdd lib_generic/libgeneric.a(string.o)
                                        0x1d6 (size before relaxing)
 .debug_str     0x0000000000002119       0x85 lib_generic/libgeneric.a(vsprintf.o)
                                        0x1a3 (size before relaxing)
 .debug_str     0x000000000000219e      0x28a lib_generic/libgeneric.a(LzmaDecode.o)
                                        0x375 (size before relaxing)
 .debug_str     0x0000000000002428        0x8 lib_generic/libgeneric.a(ctype.o)
                                         0x55 (size before relaxing)
 .debug_str     0x0000000000002430       0x6c board/rt2880/librt2880.a(rt2880.o)
                                        0x121 (size before relaxing)
 .debug_str     0x000000000000249c       0x61 board/rt2880/librt2880.a(serial.o)
                                        0x116 (size before relaxing)
 .debug_str     0x00000000000024fd       0x7d cpu/ralink_soc/libralink_soc.a(cpu.o)
                                        0x1b0 (size before relaxing)
 .debug_str     0x000000000000257a       0xcd lib_mips/libmips.a(mips_linux.o)
                                        0x394 (size before relaxing)

.debug_frame    0x0000000000000000     0x1638
 .debug_frame   0x0000000000000000      0x118 lib_mips/libmips.a(board.o)
 .debug_frame   0x0000000000000118       0x60 lib_mips/libmips.a(time.o)
 .debug_frame   0x0000000000000178      0x228 net/libnet.a(net.o)
 .debug_frame   0x00000000000003a0       0x84 net/libnet.a(tftp.o)
 .debug_frame   0x0000000000000424       0xcc net/libnet.a(eth.o)
 .debug_frame   0x00000000000004f0      0x198 drivers/libdrivers.a(rt2880_eth.o)
 .debug_frame   0x0000000000000688       0xb0 drivers/libdrivers.a(mii_mgr.o)
 .debug_frame   0x0000000000000738      0x1b8 drivers/libdrivers.a(spi_rt6855A_flash.o)
 .debug_frame   0x00000000000008f0      0x21c common/libcommon.a(console.o)
 .debug_frame   0x0000000000000b0c       0x58 common/libcommon.a(devices.o)
 .debug_frame   0x0000000000000b64      0x130 common/libcommon.a(dlmalloc.o)
 .debug_frame   0x0000000000000c94       0x7c common/libcommon.a(env_common.o)
 .debug_frame   0x0000000000000d10       0x4c common/libcommon.a(exports.o)
 .debug_frame   0x0000000000000d5c      0x100 common/libcommon.a(lists.o)
 .debug_frame   0x0000000000000e5c       0x9c common/libcommon.a(cmd_nvedit.o)
 .debug_frame   0x0000000000000ef8       0x60 common/libcommon.a(cmd_bootm.o)
 .debug_frame   0x0000000000000f58       0x2c common/libcommon.a(cmd_net.o)
 .debug_frame   0x0000000000000f84       0x8c common/libcommon.a(env_spi.o)
 .debug_frame   0x0000000000001010       0x28 lib_generic/libgeneric.a(crc32.o)
 .debug_frame   0x0000000000001038       0x48 lib_generic/libgeneric.a(display_options.o)
 .debug_frame   0x0000000000001080      0x1f0 lib_generic/libgeneric.a(string.o)
 .debug_frame   0x0000000000001270       0xb8 lib_generic/libgeneric.a(vsprintf.o)
 .debug_frame   0x0000000000001328      0x150 lib_generic/libgeneric.a(LzmaDecode.o)
 .debug_frame   0x0000000000001478       0x58 board/rt2880/librt2880.a(rt2880.o)
 .debug_frame   0x00000000000014d0       0x8c board/rt2880/librt2880.a(serial.o)
 .debug_frame   0x000000000000155c       0x78 cpu/ralink_soc/libralink_soc.a(cpu.o)
 .debug_frame   0x00000000000015d4       0x64 lib_mips/libmips.a(mips_linux.o)
